0 verbose cli /data/data/com.termux/files/usr/bin/node /data/data/com.termux/files/usr/lib/node_modules/npm/bin/npm-cli.js
1 info using npm@11.17.0
2 info using node@v26.3.1
3 silly config load:file:/data/data/com.termux/files/usr/lib/node_modules/npm/npmrc
4 silly config load:file:/data/data/com.termux/files/home/.npmrc
5 silly config load:file:/data/data/com.termux/files/usr/etc/npmrc
6 verbose title npm exec localtunnel --port 8000 --local-host 127.0.0.1
7 verbose argv "exec" "--" "localtunnel" "--port" "8000" "--local-host" "127.0.0.1"
8 verbose logfile logs-max:10 dir:/data/data/com.termux/files/home/.npm/_logs/2026-10-05T16_27_23_921Z-
9 verbose logfile /data/data/com.termux/files/home/.npm/_logs/2026-10-05T16_27_23_921Z-debug-0.log
10 silly logfile done cleaning log files
11 silly packumentCache heap:1174405120 maxSize:293601280 maxEntrySize:146800640
12 http fetch GET 200 https://registry.npmjs.org/localtunnel 508ms (cache miss)
13 silly packumentCache heap:1174405120 maxSize:293601280 maxEntrySize:146800640
14 verbose cwd /data/data/com.termux/files/home
15 verbose os Linux 6.12.38-android16-5-abA155MUBSCEZH3-4k
16 verbose node v26.3.1
17 verbose npm  v11.17.0
18 verbose exit 1
19 verbose code 1
